application/epub+zip                                                        _fetchEPUBMetadata
application/msword                                                          _fetchOLECompoundFileMetadata
application/octet-stream                                                    _fetchMagicallyIdentifiedMetadata
application/ogg                                                             _fetchAVMetadata
application/pdf                                                             _fetchPDFMetadata
application/vnd.ms-asf                                                      _fetchAVMetadata
application/vnd.ms-excel                                                    _fetchOLECompoundFileMetadata
application/vnd.ms-excel.sheet.binary.macroenabled.12                       _fetchOLECompoundFileMetadata
application/vnd.ms-excel.sheet.macroenabled.12                              _fetchOLECompoundFileMetadata
application/vnd.ms-powerpoint                                               _fetchOLECompoundFileMetadata
application/vnd.ms-powerpoint.addin.macroEnabled.12                         _fetchOLECompoundFileMetadata
application/vnd.ms-powerpoint.presentation.macroEnabled.12                  _fetchOLECompoundFileMetadata
application/vnd.ms-powerpoint.slide.macroEnabled.12                         _fetchOLECompoundFileMetadata
application/vnd.ms-powerpoint.slideshow.macroEnabled.12                     _fetchOLECompoundFileMetadata
application/vnd.ms-word                                                     _fetchOLECompoundFileMetadata
application/vnd.ms-word.document.macroEnabled.12                            _fetchOLECompoundFileMetadata
application/vnd.ms-word.template.macroEnabled.12                            _fetchOLECompoundFileMetadata
application/vnd.oasis.opendocument.database                                 _fetchOpenDocumentMetadata
application/vnd.oasis.opendocument.graphics                                 _fetchOpenDocumentMetadata
application/vnd.oasis.opendocument.graphics-flat-xml                        _fetchOpenDocumentMetadata
application/vnd.oasis.opendocument.graphics-template                        _fetchOpenDocumentMetadata
application/vnd.oasis.opendocument.presentation                             _fetchOpenDocumentMetadata
application/vnd.oasis.opendocument.presentation-flat-xml                    _fetchOpenDocumentMetadata
application/vnd.oasis.opendocument.presentation-template                    _fetchOpenDocumentMetadata
application/vnd.oasis.opendocument.spreadsheet                              _fetchOpenDocumentMetadata
application/vnd.oasis.opendocument.spreadsheet-flat-xml                     _fetchOpenDocumentMetadata
application/vnd.oasis.opendocument.spreadsheet-template                     _fetchOpenDocumentMetadata
application/vnd.oasis.opendocument.text                                     _fetchOpenDocumentMetadata
application/vnd.oasis.opendocument.text-flat-xml                            _fetchOpenDocumentMetadata
application/vnd.oasis.opendocument.text-template                            _fetchOpenDocumentMetadata
application/vnd.openxmlformats-officedocument.presentationml.presentation   _fetchOfficeOpenXMLMetadata
application/vnd.openxmlformats-officedocument.presentationml.template       _fetchOfficeOpenXMLMetadata
application/vnd.openxmlformats-officedocument.spreadsheetml.sheet           _fetchOfficeOpenXMLMetadata
application/vnd.openxmlformats-officedocument.spreadsheetml.template        _fetchOfficeOpenXMLMetadata
application/vnd.openxmlformats-officedocument.wordprocessingml.document     _fetchOfficeOpenXMLMetadata
application/vnd.openxmlformats-officedocument.wordprocessingml.template     _fetchOfficeOpenXMLMetadata
application/x-bittorrent                                                    _fetchTorrentMetadata
application/x-desktop                                                       _fetchDesktopEntryMetadata
application/x-matroska                                                      _fetchAVMetadata
application/x-subrip                                                        _fetchSubRipMetadata
application/xhtml+xml                                                       _fetchHTMLMetadata
application/xspf+xml                                                        _fetchXSPFMetadata
application/zip                                                             _fetchZIPMetadata

audio/3gpp                                                                  _fetchAVMetadata
 audio/aac                                                                   _fetchAVMetadata
audio/ac3                                                                   _fetchAVMetadata
audio/flac                                                                  _fetchFLACMetadata
audio/midi                                                                  _fetchMIDIMetadata
audio/mp2                                                                   _fetchAVMetadata
audio/mp4                                                                   _fetchAVMetadata
audio/mpeg                                                                  _fetchAVMetadata
audio/ogg                                                                   _fetchAVMetadata
audio/vnd.rn-realaudio                                                      _fetchAVMetadata
audio/webm                                                                  _fetchAVMetadata
audio/x-ape                                                                 _fetchAVMetadata
audio/x-flac+ogg                                                            _fetchAVMetadata
audio/x-m4b                                                                 _fetchAVMetadata
audio/x-matroska                                                            _fetchAVMetadata
audio/x-ms-wma                                                              _fetchAVMetadata
audio/x-musepack                                                            _fetchAVMetadata
audio/x-pn-realaudio                                                        _fetchAVMetadata
audio/x-realaudio                                                           _fetchAVMetadata
audio/x-vorbis+ogg                                                          _fetchAVMetadata
audio/x-wavpack                                                             _fetchAVMetadata

text/html                                                                   _fetchHTMLMetadata

video/3gpp                                                                  _fetchAVMetadata
video/3gpp2                                                                 _fetchAVMetadata
video/mp4                                                                   _fetchAVMetadata
video/ogg                                                                   _fetchAVMetadata
video/vnd.rn-realvideo                                                      _fetchAVMetadata
video/webm                                                                  _fetchAVMetadata
video/x-flv                                                                 _fetchAVMetadata
video/x-matroska                                                            _fetchAVMetadata
video/x-matroska-3d                                                         _fetchAVMetadata
video/x-ms-asf                                                              _fetchAVMetadata
video/x-ms-wm                                                               _fetchAVMetadata
video/x-ms-wmv                                                              _fetchAVMetadata
video/x-theora+ogg                                                          _fetchAVMetadata
