application/epub+zip                                                        fetchEPUBMetadata
application/msword                                                          fetchOLECompoundFileMetadata
application/octet-stream                                                    fetchMagicallyIdentifiedMetadata
application/ogg                                                             fetchAVMetadata
application/pdf                                                             fetchPDFMetadata
application/vnd.ms-asf                                                      fetchAVMetadata
application/vnd.ms-excel                                                    fetchOLECompoundFileMetadata
application/vnd.ms-excel.sheet.binary.macroenabled.12                       fetchOLECompoundFileMetadata
application/vnd.ms-excel.sheet.macroenabled.12                              fetchOLECompoundFileMetadata
application/vnd.ms-powerpoint                                               fetchOLECompoundFileMetadata
application/vnd.ms-powerpoint.addin.macroEnabled.12                         fetchOLECompoundFileMetadata
application/vnd.ms-powerpoint.presentation.macroEnabled.12                  fetchOLECompoundFileMetadata
application/vnd.ms-powerpoint.slide.macroEnabled.12                         fetchOLECompoundFileMetadata
application/vnd.ms-powerpoint.slideshow.macroEnabled.12                     fetchOLECompoundFileMetadata
application/vnd.ms-word                                                     fetchOLECompoundFileMetadata
application/vnd.ms-word.document.macroEnabled.12                            fetchOLECompoundFileMetadata
application/vnd.ms-word.template.macroEnabled.12                            fetchOLECompoundFileMetadata
application/vnd.oasis.opendocument.database                                 fetchOpenDocumentMetadata
application/vnd.oasis.opendocument.graphics                                 fetchOpenDocumentMetadata
application/vnd.oasis.opendocument.graphics-flat-xml                        fetchOpenDocumentMetadata
application/vnd.oasis.opendocument.graphics-template                        fetchOpenDocumentMetadata
application/vnd.oasis.opendocument.presentation                             fetchOpenDocumentMetadata
application/vnd.oasis.opendocument.presentation-flat-xml                    fetchOpenDocumentMetadata
application/vnd.oasis.opendocument.presentation-template                    fetchOpenDocumentMetadata
application/vnd.oasis.opendocument.spreadsheet                              fetchOpenDocumentMetadata
application/vnd.oasis.opendocument.spreadsheet-flat-xml                     fetchOpenDocumentMetadata
application/vnd.oasis.opendocument.spreadsheet-template                     fetchOpenDocumentMetadata
application/vnd.oasis.opendocument.text                                     fetchOpenDocumentMetadata
application/vnd.oasis.opendocument.text-flat-xml                            fetchOpenDocumentMetadata
application/vnd.oasis.opendocument.text-template                            fetchOpenDocumentMetadata
application/vnd.openxmlformats-officedocument.presentationml.presentation   fetchOfficeOpenXMLMetadata
application/vnd.openxmlformats-officedocument.presentationml.template       fetchOfficeOpenXMLMetadata
application/vnd.openxmlformats-officedocument.spreadsheetml.sheet           fetchOfficeOpenXMLMetadata
application/vnd.openxmlformats-officedocument.spreadsheetml.template        fetchOfficeOpenXMLMetadata
application/vnd.openxmlformats-officedocument.wordprocessingml.document     fetchOfficeOpenXMLMetadata
application/vnd.openxmlformats-officedocument.wordprocessingml.template     fetchOfficeOpenXMLMetadata
application/x-bittorrent                                                    fetchTorrentMetadata
application/x-desktop                                                       fetchDesktopEntryMetadata
application/x-matroska                                                      fetchAVMetadata
application/x-subrip                                                        fetchSubRipMetadata
application/xhtml+xml                                                       fetchHTMLMetadata
application/xspf+xml                                                        fetchXSPFMetadata
application/zip                                                             fetchZIPMetadata

audio/3gpp                                                                  fetchAVMetadata
 audio/aac                                                                  fetchAVMetadata
audio/ac3                                                                   fetchAVMetadata
audio/flac                                                                  fetchFLACMetadata
audio/midi                                                                  fetchMIDIMetadata
audio/mp2                                                                   fetchAVMetadata
audio/mp4                                                                   fetchAVMetadata
audio/mpeg                                                                  fetchAVMetadata
audio/ogg                                                                   fetchAVMetadata
audio/vnd.rn-realaudio                                                      fetchAVMetadata
audio/webm                                                                  fetchAVMetadata
audio/x-ape                                                                 fetchAVMetadata
audio/x-flac+ogg                                                            fetchAVMetadata
audio/x-m4b                                                                 fetchAVMetadata
audio/x-matroska                                                            fetchAVMetadata
audio/x-ms-wma                                                              fetchAVMetadata
audio/x-musepack                                                            fetchAVMetadata
audio/x-pn-realaudio                                                        fetchAVMetadata
audio/x-realaudio                                                           fetchAVMetadata
audio/x-vorbis+ogg                                                          fetchAVMetadata
audio/x-wavpack                                                             fetchAVMetadata

text/html                                                                   fetchHTMLMetadata

video/3gpp                                                                  fetchAVMetadata
video/3gpp2                                                                 fetchAVMetadata
video/mp4                                                                   fetchAVMetadata
video/ogg                                                                   fetchAVMetadata
video/vnd.rn-realvideo                                                      fetchAVMetadata
video/webm                                                                  fetchAVMetadata
video/x-flv                                                                 fetchAVMetadata
video/x-matroska                                                            fetchAVMetadata
video/x-matroska-3d                                                         fetchAVMetadata
video/x-ms-asf                                                              fetchAVMetadata
video/x-ms-wm                                                               fetchAVMetadata
video/x-ms-wmv                                                              fetchAVMetadata
video/x-theora+ogg                                                          fetchAVMetadata
