bin     _fetchNoMetadataAtAll
desktop _fetchDesktopEntryMetadata
doc     _fetchOLECompoundFileMetadata
docx    _fetchOfficeOpenXMLMetadata
epub    _fetchEPUBMetadata
flac    _fetchFLACMetadata
fodg    _fetchOpenDocumentMetadata
fodp    _fetchOpenDocumentMetadata
fods    _fetchOpenDocumentMetadata
fodt    _fetchOpenDocumentMetadata
hevc    _fetchUnspecifiedAVMetadata
html    _fetchHTMLMetadata
htm     _fetchHTMLMetadata
html    _fetchHTMLMetadata
kar     _fetchMIDIMetadata
m4a     _fetchAVMetadata
m4b     _fetchAVMetadata
m4p     _fetchAVMetadata
md      _fetchMarkdownMetadata
midi    _fetchMIDIMetadata
mid     _fetchMIDIMetadata
mks     _fetchUnspecifiedAVMetadata
mp3     _fetchAVMetadata
mpp     _fetchOLECompoundFileMetadata
odg     _fetchOpenDocumentMetadata
odp     _fetchOpenDocumentMetadata
ods     _fetchOpenDocumentMetadata
odt     _fetchOpenDocumentMetadata
ofg     _fetchOptimFROGMetadata
ofr     _fetchOptimFROGMetadata
ofs     _fetchOptimFROGMetadata
pdf     _fetchPDFMetadata
ppt     _fetchOLECompoundFileMetadata
pptx    _fetchOfficeOpenXMLMetadata
ra      _fetchUnspecifiedAVMetadata
ram     _fetchUnspecifiedAVMetadata
rm      _fetchUnspecifiedAVMetadata
rmvb    _fetchUnspecifiedAVMetadata
srt     _fetchSubRipMetadata
xhtml   _fetchHTMLMetadata
xls     _fetchOLECompoundFileMetadata
xlsx    _fetchOfficeOpenXMLMetadata
xspf    _fetchXSPFMetadata
torrent _fetchTorrentMetadata
vsd     _fetchOLECompoundFileMetadata
zip     _fetchZIPMetadata
