!ut         fetchMagicallyIdentifiedMetadata
ape         fetchAVMetadata
bin         fetchNoMetadataAtAll
crdownload  fetchMagicallyIdentifiedMetadata
desktop     fetchDesktopEntryMetadata
doc         fetchOLECompoundFileMetadata
docx        fetchOfficeOpenXMLMetadata
epub        fetchEPUBMetadata
flac        fetchFLACMetadata
fodg        fetchOpenDocumentMetadata
fodp        fetchOpenDocumentMetadata
fods        fetchOpenDocumentMetadata
fodt        fetchOpenDocumentMetadata
hevc        fetchUnspecifiedAVMetadata
html        fetchHTMLMetadata
htm         fetchHTMLMetadata
jpe         fetchImageMetadata
jpeg        fetchImageMetadata
jpg         fetchImageMetadata
kar         fetchMIDIMetadata
m4a         fetchAVMetadata
m4b         fetchAVMetadata
m4p         fetchAVMetadata
md          fetchMarkdownMetadata
midi        fetchMIDIMetadata
mid         fetchMIDIMetadata
mk3d        fetchUnspecifiedAVMetadata
mka         fetchUnspecifiedAVMetadata
mks         fetchUnspecifiedAVMetadata
mkv         fetchUnspecifiedAVMetadata
mp+         fetchAVMetadata
mp3         fetchAVMetadata
mp4         fetchUnspecifiedAVMetadata
mpc         fetchAVMetadata
odg         fetchOpenDocumentMetadata
odp         fetchOpenDocumentMetadata
ods         fetchOpenDocumentMetadata
odt         fetchOpenDocumentMetadata
ofg         fetchOptimFROGMetadata
ofr         fetchOptimFROGMetadata
ofs         fetchOptimFROGMetadata
oga         fetchAVMetadata
ogg         fetchAVMetadata
ogv         fetchAVMetadata
ole         fetchOLECompoundFileMetadata
otg         fetchOpenDocumentMetadata
otp         fetchOpenDocumentMetadata
ots         fetchOpenDocumentMetadata
ott         fetchOpenDocumentMetadata
part        fetchMagicallyIdentifiedMetadata
pdf         fetchPDFMetadata
ppt         fetchOLECompoundFileMetadata
pptx        fetchOfficeOpenXMLMetadata
ra          fetchUnspecifiedAVMetadata
ram         fetchUnspecifiedAVMetadata
rm          fetchUnspecifiedAVMetadata
rmvb        fetchUnspecifiedAVMetadata
srt         fetchSubRipMetadata
xhtml       fetchHTMLMetadata
xls         fetchOLECompoundFileMetadata
xlsx        fetchOfficeOpenXMLMetadata
xspf        fetchXSPFMetadata
tmp         fetchMagicallyIdentifiedMetadata
torrent     fetchTorrentMetadata
vsd         fetchOLECompoundFileMetadata
zip         fetchZIPMetadata
