!ut     _fetchMagicallyIdentifiedMetadata
ape     _fetchAVMetadata
bin     _fetchNoMetadataAtAll
desktop _fetchDesktopEntryMetadata
doc     _fetchOLECompoundFileMetadata
docx    _fetchOfficeOpenXMLMetadata
epub    _fetchEPUBMetadata
flac    _fetchFLACMetadata
fodg    _fetchOpenDocumentMetadata
fodp    _fetchOpenDocumentMetadata
fods    _fetchOpenDocumentMetadata
fodt    _fetchOpenDocumentMetadata
hevc    _fetchUnspecifiedAVMetadata
html    _fetchHTMLMetadata
htm     _fetchHTMLMetadata
jpe     _fetchImageMetadata
jpeg    _fetchImageMetadata
jpg     _fetchImageMetadata
kar     _fetchMIDIMetadata
m4a     _fetchAVMetadata
m4b     _fetchAVMetadata
m4p     _fetchAVMetadata
md      _fetchMarkdownMetadata
midi    _fetchMIDIMetadata
mid     _fetchMIDIMetadata
mk3d    _fetchUnspecifiedAVMetadata
mka     _fetchUnspecifiedAVMetadata
mks     _fetchUnspecifiedAVMetadata
mkv     _fetchUnspecifiedAVMetadata
mp+     _fetchAVMetadata
mp3     _fetchAVMetadata
mp4     _fetchUnspecifiedAVMetadata
mpc     _fetchAVMetadata
odg     _fetchOpenDocumentMetadata
odp     _fetchOpenDocumentMetadata
ods     _fetchOpenDocumentMetadata
odt     _fetchOpenDocumentMetadata
ofg     _fetchOptimFROGMetadata
ofr     _fetchOptimFROGMetadata
ofs     _fetchOptimFROGMetadata
oga     _fetchAVMetadata
ogg     _fetchAVMetadata
ogv     _fetchAVMetadata
ole     _fetchOLECompoundFileMetadata
part    _fetchMagicallyIdentifiedMetadata
pdf     _fetchPDFMetadata
ppt     _fetchOLECompoundFileMetadata
pptx    _fetchOfficeOpenXMLMetadata
ra      _fetchUnspecifiedAVMetadata
ram     _fetchUnspecifiedAVMetadata
rm      _fetchUnspecifiedAVMetadata
rmvb    _fetchUnspecifiedAVMetadata
srt     _fetchSubRipMetadata
xhtml   _fetchHTMLMetadata
xls     _fetchOLECompoundFileMetadata
xlsx    _fetchOfficeOpenXMLMetadata
xspf    _fetchXSPFMetadata
tmp     _fetchMagicallyIdentifiedMetadata
torrent _fetchTorrentMetadata
vsd     _fetchOLECompoundFileMetadata
zip     _fetchZIPMetadata
